INFO: [VRFC 10-2263] Analyzing Verilog file "D:/pipelined_processor_project/pipelined_processor_project.srcs/sources_1/imports/src/alu.v" into library xil_defaultlib
INFO: [VRFC 10-311] analyzing module alu
INFO: [VRFC 10-2263] Analyzing Verilog file "D:/pipelined_processor_project/pipelined_processor_project.srcs/sources_1/imports/src/control.v" into library xil_defaultlib
INFO: [VRFC 10-311] analyzing module control
INFO: [VRFC 10-2263] Analyzing Verilog file "D:/pipelined_processor_project/pipelined_processor_project.srcs/sources_1/imports/src/id_ex_reg.v" into library xil_defaultlib
INFO: [VRFC 10-311] analyzing module id_ex_reg
INFO: [VRFC 10-2263] Analyzing Verilog file "D:/pipelined_processor_project/pipelined_processor_project.srcs/sources_1/imports/src/if_id_reg.v" into library xil_defaultlib
INFO: [VRFC 10-311] analyzing module if_id_reg
INFO: [VRFC 10-2263] Analyzing Verilog file "D:/pipelined_processor_project/pipelined_processor_project.srcs/sources_1/imports/src/instr_mem.v" into library xil_defaultlib
INFO: [VRFC 10-311] analyzing module instr_mem
INFO: [VRFC 10-2263] Analyzing Verilog file "D:/pipelined_processor_project/pipelined_processor_project.srcs/sources_1/imports/src/pc.v" into library xil_defaultlib
INFO: [VRFC 10-311] analyzing module pc
INFO: [VRFC 10-2263] Analyzing Verilog file "D:/pipelined_processor_project/pipelined_processor_project.srcs/sources_1/imports/src/reg_file.v" into library xil_defaultlib
INFO: [VRFC 10-311] analyzing module reg_file
INFO: [VRFC 10-2263] Analyzing Verilog file "D:/pipelined_processor_project/pipelined_processor_project.srcs/sources_1/imports/src/top.v" into library xil_defaultlib
INFO: [VRFC 10-311] analyzing module top
INFO: [VRFC 10-2263] Analyzing Verilog file "D:/pipelined_processor_project/pipelined_processor_project.srcs/sim_1/imports/sim/tb_top.v" into library xil_defaultlib
INFO: [VRFC 10-311] analyzing module tb_top
INFO: [VRFC 10-2263] Analyzing Verilog file "D:/pipelined_processor_project/pipelined_processor_project.sim/sim_1/behav/xsim/glbl.v" into library xil_defaultlib
INFO: [VRFC 10-311] analyzing module glbl
